// Jest Snapshot v1, https://goo.gl/fbAQLP

exports[`Romanizer transliterateメソッド正常系 文章を正しく返す2 1`] = `
[
  [
    [
      "konoshirogakuzuretatoki,jidaigakawaru.",
    ],
    [
      "ko",
      "no",
      "shi",
      "ro",
      "ga",
      "ku",
      "zu",
      "re",
      "ta",
      "to",
      "ki",
      ",",
      "ji",
      "da",
      "i",
      "ga",
      "ka",
      "wa",
      "ru",
      ".",
    ],
  ],
  [
    [
      "konoshirogakuzuretatoki,jidaigacawaru.",
    ],
    [
      "ko",
      "no",
      "shi",
      "ro",
      "ga",
      "ku",
      "zu",
      "re",
      "ta",
      "to",
      "ki",
      ",",
      "ji",
      "da",
      "i",
      "ga",
      "ca",
      "wa",
      "ru",
      ".",
    ],
  ],
  [
    [
      "konoshirogakuzuretatoki,jidayigakawaru.",
    ],
    [
      "ko",
      "no",
      "shi",
      "ro",
      "ga",
      "ku",
      "zu",
      "re",
      "ta",
      "to",
      "ki",
      ",",
      "ji",
      "da",
      "yi",
      "ga",
      "ka",
      "wa",
      "ru",
      ".",
    ],
  ],
  [
    [
      "konoshirogakuzuretatoki,jidayigacawaru.",
    ],
    [
      "ko",
      "no",
      "shi",
      "ro",
      "ga",
      "ku",
      "zu",
      "re",
      "ta",
      "to",
      "ki",
      ",",
      "ji",
      "da",
      "yi",
      "ga",
      "ca",
      "wa",
      "ru",
      ".",
    ],
  ],
  [
    [
      "konoshirogakuzuretatoki,zidaigakawaru.",
    ],
    [
      "ko",
      "no",
      "shi",
      "ro",
      "ga",
      "ku",
      "zu",
      "re",
      "ta",
      "to",
      "ki",
      ",",
      "zi",
      "da",
      "i",
      "ga",
      "ka",
      "wa",
      "ru",
      ".",
    ],
  ],
  [
    [
      "konoshirogakuzuretatoki,zidaigacawaru.",
    ],
    [
      "ko",
      "no",
      "shi",
      "ro",
      "ga",
      "ku",
      "zu",
      "re",
      "ta",
      "to",
      "ki",
      ",",
      "zi",
      "da",
      "i",
      "ga",
      "ca",
      "wa",
      "ru",
      ".",
    ],
  ],
  [
    [
      "konoshirogakuzuretatoki,zidayigakawaru.",
    ],
    [
      "ko",
      "no",
      "shi",
      "ro",
      "ga",
      "ku",
      "zu",
      "re",
      "ta",
      "to",
      "ki",
      ",",
      "zi",
      "da",
      "yi",
      "ga",
      "ka",
      "wa",
      "ru",
      ".",
    ],
  ],
  [
    [
      "konoshirogakuzuretatoki,zidayigacawaru.",
    ],
    [
      "ko",
      "no",
      "shi",
      "ro",
      "ga",
      "ku",
      "zu",
      "re",
      "ta",
      "to",
      "ki",
      ",",
      "zi",
      "da",
      "yi",
      "ga",
      "ca",
      "wa",
      "ru",
      ".",
    ],
  ],
  [
    [
      "konoshirogacuzuretatoki,jidaigakawaru.",
    ],
    [
      "ko",
      "no",
      "shi",
      "ro",
      "ga",
      "cu",
      "zu",
      "re",
      "ta",
      "to",
      "ki",
      ",",
      "ji",
      "da",
      "i",
      "ga",
      "ka",
      "wa",
      "ru",
      ".",
    ],
  ],
  [
    [
      "konoshirogacuzuretatoki,jidaigacawaru.",
    ],
    [
      "ko",
      "no",
      "shi",
      "ro",
      "ga",
      "cu",
      "zu",
      "re",
      "ta",
      "to",
      "ki",
      ",",
      "ji",
      "da",
      "i",
      "ga",
      "ca",
      "wa",
      "ru",
      ".",
    ],
  ],
  [
    [
      "konoshirogacuzuretatoki,jidayigakawaru.",
    ],
    [
      "ko",
      "no",
      "shi",
      "ro",
      "ga",
      "cu",
      "zu",
      "re",
      "ta",
      "to",
      "ki",
      ",",
      "ji",
      "da",
      "yi",
      "ga",
      "ka",
      "wa",
      "ru",
      ".",
    ],
  ],
  [
    [
      "konoshirogacuzuretatoki,jidayigacawaru.",
    ],
    [
      "ko",
      "no",
      "shi",
      "ro",
      "ga",
      "cu",
      "zu",
      "re",
      "ta",
      "to",
      "ki",
      ",",
      "ji",
      "da",
      "yi",
      "ga",
      "ca",
      "wa",
      "ru",
      ".",
    ],
  ],
  [
    [
      "konoshirogacuzuretatoki,zidaigakawaru.",
    ],
    [
      "ko",
      "no",
      "shi",
      "ro",
      "ga",
      "cu",
      "zu",
      "re",
      "ta",
      "to",
      "ki",
      ",",
      "zi",
      "da",
      "i",
      "ga",
      "ka",
      "wa",
      "ru",
      ".",
    ],
  ],
  [
    [
      "konoshirogacuzuretatoki,zidaigacawaru.",
    ],
    [
      "ko",
      "no",
      "shi",
      "ro",
      "ga",
      "cu",
      "zu",
      "re",
      "ta",
      "to",
      "ki",
      ",",
      "zi",
      "da",
      "i",
      "ga",
      "ca",
      "wa",
      "ru",
      ".",
    ],
  ],
  [
    [
      "konoshirogacuzuretatoki,zidayigakawaru.",
    ],
    [
      "ko",
      "no",
      "shi",
      "ro",
      "ga",
      "cu",
      "zu",
      "re",
      "ta",
      "to",
      "ki",
      ",",
      "zi",
      "da",
      "yi",
      "ga",
      "ka",
      "wa",
      "ru",
      ".",
    ],
  ],
  [
    [
      "konoshirogacuzuretatoki,zidayigacawaru.",
    ],
    [
      "ko",
      "no",
      "shi",
      "ro",
      "ga",
      "cu",
      "zu",
      "re",
      "ta",
      "to",
      "ki",
      ",",
      "zi",
      "da",
      "yi",
      "ga",
      "ca",
      "wa",
      "ru",
      ".",
    ],
  ],
  [
    [
      "konoshirogaquzuretatoki,jidaigakawaru.",
    ],
    [
      "ko",
      "no",
      "shi",
      "ro",
      "ga",
      "qu",
      "zu",
      "re",
      "ta",
      "to",
      "ki",
      ",",
      "ji",
      "da",
      "i",
      "ga",
      "ka",
      "wa",
      "ru",
      ".",
    ],
  ],
  [
    [
      "konoshirogaquzuretatoki,jidaigacawaru.",
    ],
    [
      "ko",
      "no",
      "shi",
      "ro",
      "ga",
      "qu",
      "zu",
      "re",
      "ta",
      "to",
      "ki",
      ",",
      "ji",
      "da",
      "i",
      "ga",
      "ca",
      "wa",
      "ru",
      ".",
    ],
  ],
  [
    [
      "konoshirogaquzuretatoki,jidayigakawaru.",
    ],
    [
      "ko",
      "no",
      "shi",
      "ro",
      "ga",
      "qu",
      "zu",
      "re",
      "ta",
      "to",
      "ki",
      ",",
      "ji",
      "da",
      "yi",
      "ga",
      "ka",
      "wa",
      "ru",
      ".",
    ],
  ],
  [
    [
      "konoshirogaquzuretatoki,jidayigacawaru.",
    ],
    [
      "ko",
      "no",
      "shi",
      "ro",
      "ga",
      "qu",
      "zu",
      "re",
      "ta",
      "to",
      "ki",
      ",",
      "ji",
      "da",
      "yi",
      "ga",
      "ca",
      "wa",
      "ru",
      ".",
    ],
  ],
  [
    [
      "konoshirogaquzuretatoki,zidaigakawaru.",
    ],
    [
      "ko",
      "no",
      "shi",
      "ro",
      "ga",
      "qu",
      "zu",
      "re",
      "ta",
      "to",
      "ki",
      ",",
      "zi",
      "da",
      "i",
      "ga",
      "ka",
      "wa",
      "ru",
      ".",
    ],
  ],
  [
    [
      "konoshirogaquzuretatoki,zidaigacawaru.",
    ],
    [
      "ko",
      "no",
      "shi",
      "ro",
      "ga",
      "qu",
      "zu",
      "re",
      "ta",
      "to",
      "ki",
      ",",
      "zi",
      "da",
      "i",
      "ga",
      "ca",
      "wa",
      "ru",
      ".",
    ],
  ],
  [
    [
      "konoshirogaquzuretatoki,zidayigakawaru.",
    ],
    [
      "ko",
      "no",
      "shi",
      "ro",
      "ga",
      "qu",
      "zu",
      "re",
      "ta",
      "to",
      "ki",
      ",",
      "zi",
      "da",
      "yi",
      "ga",
      "ka",
      "wa",
      "ru",
      ".",
    ],
  ],
  [
    [
      "konoshirogaquzuretatoki,zidayigacawaru.",
    ],
    [
      "ko",
      "no",
      "shi",
      "ro",
      "ga",
      "qu",
      "zu",
      "re",
      "ta",
      "to",
      "ki",
      ",",
      "zi",
      "da",
      "yi",
      "ga",
      "ca",
      "wa",
      "ru",
      ".",
    ],
  ],
  [
    [
      "konosirogakuzuretatoki,jidaigakawaru.",
    ],
    [
      "ko",
      "no",
      "si",
      "ro",
      "ga",
      "ku",
      "zu",
      "re",
      "ta",
      "to",
      "ki",
      ",",
      "ji",
      "da",
      "i",
      "ga",
      "ka",
      "wa",
      "ru",
      ".",
    ],
  ],
  [
    [
      "konosirogakuzuretatoki,jidaigacawaru.",
    ],
    [
      "ko",
      "no",
      "si",
      "ro",
      "ga",
      "ku",
      "zu",
      "re",
      "ta",
      "to",
      "ki",
      ",",
      "ji",
      "da",
      "i",
      "ga",
      "ca",
      "wa",
      "ru",
      ".",
    ],
  ],
  [
    [
      "konosirogakuzuretatoki,jidayigakawaru.",
    ],
    [
      "ko",
      "no",
      "si",
      "ro",
      "ga",
      "ku",
      "zu",
      "re",
      "ta",
      "to",
      "ki",
      ",",
      "ji",
      "da",
      "yi",
      "ga",
      "ka",
      "wa",
      "ru",
      ".",
    ],
  ],
  [
    [
      "konosirogakuzuretatoki,jidayigacawaru.",
    ],
    [
      "ko",
      "no",
      "si",
      "ro",
      "ga",
      "ku",
      "zu",
      "re",
      "ta",
      "to",
      "ki",
      ",",
      "ji",
      "da",
      "yi",
      "ga",
      "ca",
      "wa",
      "ru",
      ".",
    ],
  ],
  [
    [
      "konosirogakuzuretatoki,zidaigakawaru.",
    ],
    [
      "ko",
      "no",
      "si",
      "ro",
      "ga",
      "ku",
      "zu",
      "re",
      "ta",
      "to",
      "ki",
      ",",
      "zi",
      "da",
      "i",
      "ga",
      "ka",
      "wa",
      "ru",
      ".",
    ],
  ],
  [
    [
      "konosirogakuzuretatoki,zidaigacawaru.",
    ],
    [
      "ko",
      "no",
      "si",
      "ro",
      "ga",
      "ku",
      "zu",
      "re",
      "ta",
      "to",
      "ki",
      ",",
      "zi",
      "da",
      "i",
      "ga",
      "ca",
      "wa",
      "ru",
      ".",
    ],
  ],
  [
    [
      "konosirogakuzuretatoki,zidayigakawaru.",
    ],
    [
      "ko",
      "no",
      "si",
      "ro",
      "ga",
      "ku",
      "zu",
      "re",
      "ta",
      "to",
      "ki",
      ",",
      "zi",
      "da",
      "yi",
      "ga",
      "ka",
      "wa",
      "ru",
      ".",
    ],
  ],
  [
    [
      "konosirogakuzuretatoki,zidayigacawaru.",
    ],
    [
      "ko",
      "no",
      "si",
      "ro",
      "ga",
      "ku",
      "zu",
      "re",
      "ta",
      "to",
      "ki",
      ",",
      "zi",
      "da",
      "yi",
      "ga",
      "ca",
      "wa",
      "ru",
      ".",
    ],
  ],
  [
    [
      "konosirogacuzuretatoki,jidaigakawaru.",
    ],
    [
      "ko",
      "no",
      "si",
      "ro",
      "ga",
      "cu",
      "zu",
      "re",
      "ta",
      "to",
      "ki",
      ",",
      "ji",
      "da",
      "i",
      "ga",
      "ka",
      "wa",
      "ru",
      ".",
    ],
  ],
  [
    [
      "konosirogacuzuretatoki,jidaigacawaru.",
    ],
    [
      "ko",
      "no",
      "si",
      "ro",
      "ga",
      "cu",
      "zu",
      "re",
      "ta",
      "to",
      "ki",
      ",",
      "ji",
      "da",
      "i",
      "ga",
      "ca",
      "wa",
      "ru",
      ".",
    ],
  ],
  [
    [
      "konosirogacuzuretatoki,jidayigakawaru.",
    ],
    [
      "ko",
      "no",
      "si",
      "ro",
      "ga",
      "cu",
      "zu",
      "re",
      "ta",
      "to",
      "ki",
      ",",
      "ji",
      "da",
      "yi",
      "ga",
      "ka",
      "wa",
      "ru",
      ".",
    ],
  ],
  [
    [
      "konosirogacuzuretatoki,jidayigacawaru.",
    ],
    [
      "ko",
      "no",
      "si",
      "ro",
      "ga",
      "cu",
      "zu",
      "re",
      "ta",
      "to",
      "ki",
      ",",
      "ji",
      "da",
      "yi",
      "ga",
      "ca",
      "wa",
      "ru",
      ".",
    ],
  ],
  [
    [
      "konosirogacuzuretatoki,zidaigakawaru.",
    ],
    [
      "ko",
      "no",
      "si",
      "ro",
      "ga",
      "cu",
      "zu",
      "re",
      "ta",
      "to",
      "ki",
      ",",
      "zi",
      "da",
      "i",
      "ga",
      "ka",
      "wa",
      "ru",
      ".",
    ],
  ],
  [
    [
      "konosirogacuzuretatoki,zidaigacawaru.",
    ],
    [
      "ko",
      "no",
      "si",
      "ro",
      "ga",
      "cu",
      "zu",
      "re",
      "ta",
      "to",
      "ki",
      ",",
      "zi",
      "da",
      "i",
      "ga",
      "ca",
      "wa",
      "ru",
      ".",
    ],
  ],
  [
    [
      "konosirogacuzuretatoki,zidayigakawaru.",
    ],
    [
      "ko",
      "no",
      "si",
      "ro",
      "ga",
      "cu",
      "zu",
      "re",
      "ta",
      "to",
      "ki",
      ",",
      "zi",
      "da",
      "yi",
      "ga",
      "ka",
      "wa",
      "ru",
      ".",
    ],
  ],
  [
    [
      "konosirogacuzuretatoki,zidayigacawaru.",
    ],
    [
      "ko",
      "no",
      "si",
      "ro",
      "ga",
      "cu",
      "zu",
      "re",
      "ta",
      "to",
      "ki",
      ",",
      "zi",
      "da",
      "yi",
      "ga",
      "ca",
      "wa",
      "ru",
      ".",
    ],
  ],
  [
    [
      "konosirogaquzuretatoki,jidaigakawaru.",
    ],
    [
      "ko",
      "no",
      "si",
      "ro",
      "ga",
      "qu",
      "zu",
      "re",
      "ta",
      "to",
      "ki",
      ",",
      "ji",
      "da",
      "i",
      "ga",
      "ka",
      "wa",
      "ru",
      ".",
    ],
  ],
  [
    [
      "konosirogaquzuretatoki,jidaigacawaru.",
    ],
    [
      "ko",
      "no",
      "si",
      "ro",
      "ga",
      "qu",
      "zu",
      "re",
      "ta",
      "to",
      "ki",
      ",",
      "ji",
      "da",
      "i",
      "ga",
      "ca",
      "wa",
      "ru",
      ".",
    ],
  ],
  [
    [
      "konosirogaquzuretatoki,jidayigakawaru.",
    ],
    [
      "ko",
      "no",
      "si",
      "ro",
      "ga",
      "qu",
      "zu",
      "re",
      "ta",
      "to",
      "ki",
      ",",
      "ji",
      "da",
      "yi",
      "ga",
      "ka",
      "wa",
      "ru",
      ".",
    ],
  ],
  [
    [
      "konosirogaquzuretatoki,jidayigacawaru.",
    ],
    [
      "ko",
      "no",
      "si",
      "ro",
      "ga",
      "qu",
      "zu",
      "re",
      "ta",
      "to",
      "ki",
      ",",
      "ji",
      "da",
      "yi",
      "ga",
      "ca",
      "wa",
      "ru",
      ".",
    ],
  ],
  [
    [
      "konosirogaquzuretatoki,zidaigakawaru.",
    ],
    [
      "ko",
      "no",
      "si",
      "ro",
      "ga",
      "qu",
      "zu",
      "re",
      "ta",
      "to",
      "ki",
      ",",
      "zi",
      "da",
      "i",
      "ga",
      "ka",
      "wa",
      "ru",
      ".",
    ],
  ],
  [
    [
      "konosirogaquzuretatoki,zidaigacawaru.",
    ],
    [
      "ko",
      "no",
      "si",
      "ro",
      "ga",
      "qu",
      "zu",
      "re",
      "ta",
      "to",
      "ki",
      ",",
      "zi",
      "da",
      "i",
      "ga",
      "ca",
      "wa",
      "ru",
      ".",
    ],
  ],
  [
    [
      "konosirogaquzuretatoki,zidayigakawaru.",
    ],
    [
      "ko",
      "no",
      "si",
      "ro",
      "ga",
      "qu",
      "zu",
      "re",
      "ta",
      "to",
      "ki",
      ",",
      "zi",
      "da",
      "yi",
      "ga",
      "ka",
      "wa",
      "ru",
      ".",
    ],
  ],
  [
    [
      "konosirogaquzuretatoki,zidayigacawaru.",
    ],
    [
      "ko",
      "no",
      "si",
      "ro",
      "ga",
      "qu",
      "zu",
      "re",
      "ta",
      "to",
      "ki",
      ",",
      "zi",
      "da",
      "yi",
      "ga",
      "ca",
      "wa",
      "ru",
      ".",
    ],
  ],
  [
    [
      "konocirogakuzuretatoki,jidaigakawaru.",
    ],
    [
      "ko",
      "no",
      "ci",
      "ro",
      "ga",
      "ku",
      "zu",
      "re",
      "ta",
      "to",
      "ki",
      ",",
      "ji",
      "da",
      "i",
      "ga",
      "ka",
      "wa",
      "ru",
      ".",
    ],
  ],
  [
    [
      "konocirogakuzuretatoki,jidaigacawaru.",
    ],
    [
      "ko",
      "no",
      "ci",
      "ro",
      "ga",
      "ku",
      "zu",
      "re",
      "ta",
      "to",
      "ki",
      ",",
      "ji",
      "da",
      "i",
      "ga",
      "ca",
      "wa",
      "ru",
      ".",
    ],
  ],
  [
    [
      "konocirogakuzuretatoki,jidayigakawaru.",
    ],
    [
      "ko",
      "no",
      "ci",
      "ro",
      "ga",
      "ku",
      "zu",
      "re",
      "ta",
      "to",
      "ki",
      ",",
      "ji",
      "da",
      "yi",
      "ga",
      "ka",
      "wa",
      "ru",
      ".",
    ],
  ],
  [
    [
      "konocirogakuzuretatoki,jidayigacawaru.",
    ],
    [
      "ko",
      "no",
      "ci",
      "ro",
      "ga",
      "ku",
      "zu",
      "re",
      "ta",
      "to",
      "ki",
      ",",
      "ji",
      "da",
      "yi",
      "ga",
      "ca",
      "wa",
      "ru",
      ".",
    ],
  ],
  [
    [
      "konocirogakuzuretatoki,zidaigakawaru.",
    ],
    [
      "ko",
      "no",
      "ci",
      "ro",
      "ga",
      "ku",
      "zu",
      "re",
      "ta",
      "to",
      "ki",
      ",",
      "zi",
      "da",
      "i",
      "ga",
      "ka",
      "wa",
      "ru",
      ".",
    ],
  ],
  [
    [
      "konocirogakuzuretatoki,zidaigacawaru.",
    ],
    [
      "ko",
      "no",
      "ci",
      "ro",
      "ga",
      "ku",
      "zu",
      "re",
      "ta",
      "to",
      "ki",
      ",",
      "zi",
      "da",
      "i",
      "ga",
      "ca",
      "wa",
      "ru",
      ".",
    ],
  ],
  [
    [
      "konocirogakuzuretatoki,zidayigakawaru.",
    ],
    [
      "ko",
      "no",
      "ci",
      "ro",
      "ga",
      "ku",
      "zu",
      "re",
      "ta",
      "to",
      "ki",
      ",",
      "zi",
      "da",
      "yi",
      "ga",
      "ka",
      "wa",
      "ru",
      ".",
    ],
  ],
  [
    [
      "konocirogakuzuretatoki,zidayigacawaru.",
    ],
    [
      "ko",
      "no",
      "ci",
      "ro",
      "ga",
      "ku",
      "zu",
      "re",
      "ta",
      "to",
      "ki",
      ",",
      "zi",
      "da",
      "yi",
      "ga",
      "ca",
      "wa",
      "ru",
      ".",
    ],
  ],
  [
    [
      "konocirogacuzuretatoki,jidaigakawaru.",
    ],
    [
      "ko",
      "no",
      "ci",
      "ro",
      "ga",
      "cu",
      "zu",
      "re",
      "ta",
      "to",
      "ki",
      ",",
      "ji",
      "da",
      "i",
      "ga",
      "ka",
      "wa",
      "ru",
      ".",
    ],
  ],
  [
    [
      "konocirogacuzuretatoki,jidaigacawaru.",
    ],
    [
      "ko",
      "no",
      "ci",
      "ro",
      "ga",
      "cu",
      "zu",
      "re",
      "ta",
      "to",
      "ki",
      ",",
      "ji",
      "da",
      "i",
      "ga",
      "ca",
      "wa",
      "ru",
      ".",
    ],
  ],
  [
    [
      "konocirogacuzuretatoki,jidayigakawaru.",
    ],
    [
      "ko",
      "no",
      "ci",
      "ro",
      "ga",
      "cu",
      "zu",
      "re",
      "ta",
      "to",
      "ki",
      ",",
      "ji",
      "da",
      "yi",
      "ga",
      "ka",
      "wa",
      "ru",
      ".",
    ],
  ],
  [
    [
      "konocirogacuzuretatoki,jidayigacawaru.",
    ],
    [
      "ko",
      "no",
      "ci",
      "ro",
      "ga",
      "cu",
      "zu",
      "re",
      "ta",
      "to",
      "ki",
      ",",
      "ji",
      "da",
      "yi",
      "ga",
      "ca",
      "wa",
      "ru",
      ".",
    ],
  ],
  [
    [
      "konocirogacuzuretatoki,zidaigakawaru.",
    ],
    [
      "ko",
      "no",
      "ci",
      "ro",
      "ga",
      "cu",
      "zu",
      "re",
      "ta",
      "to",
      "ki",
      ",",
      "zi",
      "da",
      "i",
      "ga",
      "ka",
      "wa",
      "ru",
      ".",
    ],
  ],
  [
    [
      "konocirogacuzuretatoki,zidaigacawaru.",
    ],
    [
      "ko",
      "no",
      "ci",
      "ro",
      "ga",
      "cu",
      "zu",
      "re",
      "ta",
      "to",
      "ki",
      ",",
      "zi",
      "da",
      "i",
      "ga",
      "ca",
      "wa",
      "ru",
      ".",
    ],
  ],
  [
    [
      "konocirogacuzuretatoki,zidayigakawaru.",
    ],
    [
      "ko",
      "no",
      "ci",
      "ro",
      "ga",
      "cu",
      "zu",
      "re",
      "ta",
      "to",
      "ki",
      ",",
      "zi",
      "da",
      "yi",
      "ga",
      "ka",
      "wa",
      "ru",
      ".",
    ],
  ],
  [
    [
      "konocirogacuzuretatoki,zidayigacawaru.",
    ],
    [
      "ko",
      "no",
      "ci",
      "ro",
      "ga",
      "cu",
      "zu",
      "re",
      "ta",
      "to",
      "ki",
      ",",
      "zi",
      "da",
      "yi",
      "ga",
      "ca",
      "wa",
      "ru",
      ".",
    ],
  ],
  [
    [
      "konocirogaquzuretatoki,jidaigakawaru.",
    ],
    [
      "ko",
      "no",
      "ci",
      "ro",
      "ga",
      "qu",
      "zu",
      "re",
      "ta",
      "to",
      "ki",
      ",",
      "ji",
      "da",
      "i",
      "ga",
      "ka",
      "wa",
      "ru",
      ".",
    ],
  ],
  [
    [
      "konocirogaquzuretatoki,jidaigacawaru.",
    ],
    [
      "ko",
      "no",
      "ci",
      "ro",
      "ga",
      "qu",
      "zu",
      "re",
      "ta",
      "to",
      "ki",
      ",",
      "ji",
      "da",
      "i",
      "ga",
      "ca",
      "wa",
      "ru",
      ".",
    ],
  ],
  [
    [
      "konocirogaquzuretatoki,jidayigakawaru.",
    ],
    [
      "ko",
      "no",
      "ci",
      "ro",
      "ga",
      "qu",
      "zu",
      "re",
      "ta",
      "to",
      "ki",
      ",",
      "ji",
      "da",
      "yi",
      "ga",
      "ka",
      "wa",
      "ru",
      ".",
    ],
  ],
  [
    [
      "konocirogaquzuretatoki,jidayigacawaru.",
    ],
    [
      "ko",
      "no",
      "ci",
      "ro",
      "ga",
      "qu",
      "zu",
      "re",
      "ta",
      "to",
      "ki",
      ",",
      "ji",
      "da",
      "yi",
      "ga",
      "ca",
      "wa",
      "ru",
      ".",
    ],
  ],
  [
    [
      "konocirogaquzuretatoki,zidaigakawaru.",
    ],
    [
      "ko",
      "no",
      "ci",
      "ro",
      "ga",
      "qu",
      "zu",
      "re",
      "ta",
      "to",
      "ki",
      ",",
      "zi",
      "da",
      "i",
      "ga",
      "ka",
      "wa",
      "ru",
      ".",
    ],
  ],
  [
    [
      "konocirogaquzuretatoki,zidaigacawaru.",
    ],
    [
      "ko",
      "no",
      "ci",
      "ro",
      "ga",
      "qu",
      "zu",
      "re",
      "ta",
      "to",
      "ki",
      ",",
      "zi",
      "da",
      "i",
      "ga",
      "ca",
      "wa",
      "ru",
      ".",
    ],
  ],
  [
    [
      "konocirogaquzuretatoki,zidayigakawaru.",
    ],
    [
      "ko",
      "no",
      "ci",
      "ro",
      "ga",
      "qu",
      "zu",
      "re",
      "ta",
      "to",
      "ki",
      ",",
      "zi",
      "da",
      "yi",
      "ga",
      "ka",
      "wa",
      "ru",
      ".",
    ],
  ],
  [
    [
      "konocirogaquzuretatoki,zidayigacawaru.",
    ],
    [
      "ko",
      "no",
      "ci",
      "ro",
      "ga",
      "qu",
      "zu",
      "re",
      "ta",
      "to",
      "ki",
      ",",
      "zi",
      "da",
      "yi",
      "ga",
      "ca",
      "wa",
      "ru",
      ".",
    ],
  ],
  [
    [
      "conoshirogakuzuretatoki,jidaigakawaru.",
    ],
    [
      "co",
      "no",
      "shi",
      "ro",
      "ga",
      "ku",
      "zu",
      "re",
      "ta",
      "to",
      "ki",
      ",",
      "ji",
      "da",
      "i",
      "ga",
      "ka",
      "wa",
      "ru",
      ".",
    ],
  ],
  [
    [
      "conoshirogakuzuretatoki,jidaigacawaru.",
    ],
    [
      "co",
      "no",
      "shi",
      "ro",
      "ga",
      "ku",
      "zu",
      "re",
      "ta",
      "to",
      "ki",
      ",",
      "ji",
      "da",
      "i",
      "ga",
      "ca",
      "wa",
      "ru",
      ".",
    ],
  ],
  [
    [
      "conoshirogakuzuretatoki,jidayigakawaru.",
    ],
    [
      "co",
      "no",
      "shi",
      "ro",
      "ga",
      "ku",
      "zu",
      "re",
      "ta",
      "to",
      "ki",
      ",",
      "ji",
      "da",
      "yi",
      "ga",
      "ka",
      "wa",
      "ru",
      ".",
    ],
  ],
  [
    [
      "conoshirogakuzuretatoki,jidayigacawaru.",
    ],
    [
      "co",
      "no",
      "shi",
      "ro",
      "ga",
      "ku",
      "zu",
      "re",
      "ta",
      "to",
      "ki",
      ",",
      "ji",
      "da",
      "yi",
      "ga",
      "ca",
      "wa",
      "ru",
      ".",
    ],
  ],
  [
    [
      "conoshirogakuzuretatoki,zidaigakawaru.",
    ],
    [
      "co",
      "no",
      "shi",
      "ro",
      "ga",
      "ku",
      "zu",
      "re",
      "ta",
      "to",
      "ki",
      ",",
      "zi",
      "da",
      "i",
      "ga",
      "ka",
      "wa",
      "ru",
      ".",
    ],
  ],
  [
    [
      "conoshirogakuzuretatoki,zidaigacawaru.",
    ],
    [
      "co",
      "no",
      "shi",
      "ro",
      "ga",
      "ku",
      "zu",
      "re",
      "ta",
      "to",
      "ki",
      ",",
      "zi",
      "da",
      "i",
      "ga",
      "ca",
      "wa",
      "ru",
      ".",
    ],
  ],
  [
    [
      "conoshirogakuzuretatoki,zidayigakawaru.",
    ],
    [
      "co",
      "no",
      "shi",
      "ro",
      "ga",
      "ku",
      "zu",
      "re",
      "ta",
      "to",
      "ki",
      ",",
      "zi",
      "da",
      "yi",
      "ga",
      "ka",
      "wa",
      "ru",
      ".",
    ],
  ],
  [
    [
      "conoshirogakuzuretatoki,zidayigacawaru.",
    ],
    [
      "co",
      "no",
      "shi",
      "ro",
      "ga",
      "ku",
      "zu",
      "re",
      "ta",
      "to",
      "ki",
      ",",
      "zi",
      "da",
      "yi",
      "ga",
      "ca",
      "wa",
      "ru",
      ".",
    ],
  ],
  [
    [
      "conoshirogacuzuretatoki,jidaigakawaru.",
    ],
    [
      "co",
      "no",
      "shi",
      "ro",
      "ga",
      "cu",
      "zu",
      "re",
      "ta",
      "to",
      "ki",
      ",",
      "ji",
      "da",
      "i",
      "ga",
      "ka",
      "wa",
      "ru",
      ".",
    ],
  ],
  [
    [
      "conoshirogacuzuretatoki,jidaigacawaru.",
    ],
    [
      "co",
      "no",
      "shi",
      "ro",
      "ga",
      "cu",
      "zu",
      "re",
      "ta",
      "to",
      "ki",
      ",",
      "ji",
      "da",
      "i",
      "ga",
      "ca",
      "wa",
      "ru",
      ".",
    ],
  ],
  [
    [
      "conoshirogacuzuretatoki,jidayigakawaru.",
    ],
    [
      "co",
      "no",
      "shi",
      "ro",
      "ga",
      "cu",
      "zu",
      "re",
      "ta",
      "to",
      "ki",
      ",",
      "ji",
      "da",
      "yi",
      "ga",
      "ka",
      "wa",
      "ru",
      ".",
    ],
  ],
  [
    [
      "conoshirogacuzuretatoki,jidayigacawaru.",
    ],
    [
      "co",
      "no",
      "shi",
      "ro",
      "ga",
      "cu",
      "zu",
      "re",
      "ta",
      "to",
      "ki",
      ",",
      "ji",
      "da",
      "yi",
      "ga",
      "ca",
      "wa",
      "ru",
      ".",
    ],
  ],
  [
    [
      "conoshirogacuzuretatoki,zidaigakawaru.",
    ],
    [
      "co",
      "no",
      "shi",
      "ro",
      "ga",
      "cu",
      "zu",
      "re",
      "ta",
      "to",
      "ki",
      ",",
      "zi",
      "da",
      "i",
      "ga",
      "ka",
      "wa",
      "ru",
      ".",
    ],
  ],
  [
    [
      "conoshirogacuzuretatoki,zidaigacawaru.",
    ],
    [
      "co",
      "no",
      "shi",
      "ro",
      "ga",
      "cu",
      "zu",
      "re",
      "ta",
      "to",
      "ki",
      ",",
      "zi",
      "da",
      "i",
      "ga",
      "ca",
      "wa",
      "ru",
      ".",
    ],
  ],
  [
    [
      "conoshirogacuzuretatoki,zidayigakawaru.",
    ],
    [
      "co",
      "no",
      "shi",
      "ro",
      "ga",
      "cu",
      "zu",
      "re",
      "ta",
      "to",
      "ki",
      ",",
      "zi",
      "da",
      "yi",
      "ga",
      "ka",
      "wa",
      "ru",
      ".",
    ],
  ],
  [
    [
      "conoshirogacuzuretatoki,zidayigacawaru.",
    ],
    [
      "co",
      "no",
      "shi",
      "ro",
      "ga",
      "cu",
      "zu",
      "re",
      "ta",
      "to",
      "ki",
      ",",
      "zi",
      "da",
      "yi",
      "ga",
      "ca",
      "wa",
      "ru",
      ".",
    ],
  ],
  [
    [
      "conoshirogaquzuretatoki,jidaigakawaru.",
    ],
    [
      "co",
      "no",
      "shi",
      "ro",
      "ga",
      "qu",
      "zu",
      "re",
      "ta",
      "to",
      "ki",
      ",",
      "ji",
      "da",
      "i",
      "ga",
      "ka",
      "wa",
      "ru",
      ".",
    ],
  ],
  [
    [
      "conoshirogaquzuretatoki,jidaigacawaru.",
    ],
    [
      "co",
      "no",
      "shi",
      "ro",
      "ga",
      "qu",
      "zu",
      "re",
      "ta",
      "to",
      "ki",
      ",",
      "ji",
      "da",
      "i",
      "ga",
      "ca",
      "wa",
      "ru",
      ".",
    ],
  ],
  [
    [
      "conoshirogaquzuretatoki,jidayigakawaru.",
    ],
    [
      "co",
      "no",
      "shi",
      "ro",
      "ga",
      "qu",
      "zu",
      "re",
      "ta",
      "to",
      "ki",
      ",",
      "ji",
      "da",
      "yi",
      "ga",
      "ka",
      "wa",
      "ru",
      ".",
    ],
  ],
  [
    [
      "conoshirogaquzuretatoki,jidayigacawaru.",
    ],
    [
      "co",
      "no",
      "shi",
      "ro",
      "ga",
      "qu",
      "zu",
      "re",
      "ta",
      "to",
      "ki",
      ",",
      "ji",
      "da",
      "yi",
      "ga",
      "ca",
      "wa",
      "ru",
      ".",
    ],
  ],
  [
    [
      "conoshirogaquzuretatoki,zidaigakawaru.",
    ],
    [
      "co",
      "no",
      "shi",
      "ro",
      "ga",
      "qu",
      "zu",
      "re",
      "ta",
      "to",
      "ki",
      ",",
      "zi",
      "da",
      "i",
      "ga",
      "ka",
      "wa",
      "ru",
      ".",
    ],
  ],
  [
    [
      "conoshirogaquzuretatoki,zidaigacawaru.",
    ],
    [
      "co",
      "no",
      "shi",
      "ro",
      "ga",
      "qu",
      "zu",
      "re",
      "ta",
      "to",
      "ki",
      ",",
      "zi",
      "da",
      "i",
      "ga",
      "ca",
      "wa",
      "ru",
      ".",
    ],
  ],
  [
    [
      "conoshirogaquzuretatoki,zidayigakawaru.",
    ],
    [
      "co",
      "no",
      "shi",
      "ro",
      "ga",
      "qu",
      "zu",
      "re",
      "ta",
      "to",
      "ki",
      ",",
      "zi",
      "da",
      "yi",
      "ga",
      "ka",
      "wa",
      "ru",
      ".",
    ],
  ],
  [
    [
      "conoshirogaquzuretatoki,zidayigacawaru.",
    ],
    [
      "co",
      "no",
      "shi",
      "ro",
      "ga",
      "qu",
      "zu",
      "re",
      "ta",
      "to",
      "ki",
      ",",
      "zi",
      "da",
      "yi",
      "ga",
      "ca",
      "wa",
      "ru",
      ".",
    ],
  ],
  [
    [
      "conosirogakuzuretatoki,jidaigakawaru.",
    ],
    [
      "co",
      "no",
      "si",
      "ro",
      "ga",
      "ku",
      "zu",
      "re",
      "ta",
      "to",
      "ki",
      ",",
      "ji",
      "da",
      "i",
      "ga",
      "ka",
      "wa",
      "ru",
      ".",
    ],
  ],
  [
    [
      "conosirogakuzuretatoki,jidaigacawaru.",
    ],
    [
      "co",
      "no",
      "si",
      "ro",
      "ga",
      "ku",
      "zu",
      "re",
      "ta",
      "to",
      "ki",
      ",",
      "ji",
      "da",
      "i",
      "ga",
      "ca",
      "wa",
      "ru",
      ".",
    ],
  ],
  [
    [
      "conosirogakuzuretatoki,jidayigakawaru.",
    ],
    [
      "co",
      "no",
      "si",
      "ro",
      "ga",
      "ku",
      "zu",
      "re",
      "ta",
      "to",
      "ki",
      ",",
      "ji",
      "da",
      "yi",
      "ga",
      "ka",
      "wa",
      "ru",
      ".",
    ],
  ],
  [
    [
      "conosirogakuzuretatoki,jidayigacawaru.",
    ],
    [
      "co",
      "no",
      "si",
      "ro",
      "ga",
      "ku",
      "zu",
      "re",
      "ta",
      "to",
      "ki",
      ",",
      "ji",
      "da",
      "yi",
      "ga",
      "ca",
      "wa",
      "ru",
      ".",
    ],
  ],
  [
    [
      "conosirogakuzuretatoki,zidaigakawaru.",
    ],
    [
      "co",
      "no",
      "si",
      "ro",
      "ga",
      "ku",
      "zu",
      "re",
      "ta",
      "to",
      "ki",
      ",",
      "zi",
      "da",
      "i",
      "ga",
      "ka",
      "wa",
      "ru",
      ".",
    ],
  ],
  [
    [
      "conosirogakuzuretatoki,zidaigacawaru.",
    ],
    [
      "co",
      "no",
      "si",
      "ro",
      "ga",
      "ku",
      "zu",
      "re",
      "ta",
      "to",
      "ki",
      ",",
      "zi",
      "da",
      "i",
      "ga",
      "ca",
      "wa",
      "ru",
      ".",
    ],
  ],
  [
    [
      "conosirogakuzuretatoki,zidayigakawaru.",
    ],
    [
      "co",
      "no",
      "si",
      "ro",
      "ga",
      "ku",
      "zu",
      "re",
      "ta",
      "to",
      "ki",
      ",",
      "zi",
      "da",
      "yi",
      "ga",
      "ka",
      "wa",
      "ru",
      ".",
    ],
  ],
  [
    [
      "conosirogakuzuretatoki,zidayigacawaru.",
    ],
    [
      "co",
      "no",
      "si",
      "ro",
      "ga",
      "ku",
      "zu",
      "re",
      "ta",
      "to",
      "ki",
      ",",
      "zi",
      "da",
      "yi",
      "ga",
      "ca",
      "wa",
      "ru",
      ".",
    ],
  ],
  [
    [
      "conosirogacuzuretatoki,jidaigakawaru.",
    ],
    [
      "co",
      "no",
      "si",
      "ro",
      "ga",
      "cu",
      "zu",
      "re",
      "ta",
      "to",
      "ki",
      ",",
      "ji",
      "da",
      "i",
      "ga",
      "ka",
      "wa",
      "ru",
      ".",
    ],
  ],
  [
    [
      "conosirogacuzuretatoki,jidaigacawaru.",
    ],
    [
      "co",
      "no",
      "si",
      "ro",
      "ga",
      "cu",
      "zu",
      "re",
      "ta",
      "to",
      "ki",
      ",",
      "ji",
      "da",
      "i",
      "ga",
      "ca",
      "wa",
      "ru",
      ".",
    ],
  ],
  [
    [
      "conosirogacuzuretatoki,jidayigakawaru.",
    ],
    [
      "co",
      "no",
      "si",
      "ro",
      "ga",
      "cu",
      "zu",
      "re",
      "ta",
      "to",
      "ki",
      ",",
      "ji",
      "da",
      "yi",
      "ga",
      "ka",
      "wa",
      "ru",
      ".",
    ],
  ],
  [
    [
      "conosirogacuzuretatoki,jidayigacawaru.",
    ],
    [
      "co",
      "no",
      "si",
      "ro",
      "ga",
      "cu",
      "zu",
      "re",
      "ta",
      "to",
      "ki",
      ",",
      "ji",
      "da",
      "yi",
      "ga",
      "ca",
      "wa",
      "ru",
      ".",
    ],
  ],
  [
    [
      "conosirogacuzuretatoki,zidaigakawaru.",
    ],
    [
      "co",
      "no",
      "si",
      "ro",
      "ga",
      "cu",
      "zu",
      "re",
      "ta",
      "to",
      "ki",
      ",",
      "zi",
      "da",
      "i",
      "ga",
      "ka",
      "wa",
      "ru",
      ".",
    ],
  ],
  [
    [
      "conosirogacuzuretatoki,zidaigacawaru.",
    ],
    [
      "co",
      "no",
      "si",
      "ro",
      "ga",
      "cu",
      "zu",
      "re",
      "ta",
      "to",
      "ki",
      ",",
      "zi",
      "da",
      "i",
      "ga",
      "ca",
      "wa",
      "ru",
      ".",
    ],
  ],
  [
    [
      "conosirogacuzuretatoki,zidayigakawaru.",
    ],
    [
      "co",
      "no",
      "si",
      "ro",
      "ga",
      "cu",
      "zu",
      "re",
      "ta",
      "to",
      "ki",
      ",",
      "zi",
      "da",
      "yi",
      "ga",
      "ka",
      "wa",
      "ru",
      ".",
    ],
  ],
  [
    [
      "conosirogacuzuretatoki,zidayigacawaru.",
    ],
    [
      "co",
      "no",
      "si",
      "ro",
      "ga",
      "cu",
      "zu",
      "re",
      "ta",
      "to",
      "ki",
      ",",
      "zi",
      "da",
      "yi",
      "ga",
      "ca",
      "wa",
      "ru",
      ".",
    ],
  ],
  [
    [
      "conosirogaquzuretatoki,jidaigakawaru.",
    ],
    [
      "co",
      "no",
      "si",
      "ro",
      "ga",
      "qu",
      "zu",
      "re",
      "ta",
      "to",
      "ki",
      ",",
      "ji",
      "da",
      "i",
      "ga",
      "ka",
      "wa",
      "ru",
      ".",
    ],
  ],
  [
    [
      "conosirogaquzuretatoki,jidaigacawaru.",
    ],
    [
      "co",
      "no",
      "si",
      "ro",
      "ga",
      "qu",
      "zu",
      "re",
      "ta",
      "to",
      "ki",
      ",",
      "ji",
      "da",
      "i",
      "ga",
      "ca",
      "wa",
      "ru",
      ".",
    ],
  ],
  [
    [
      "conosirogaquzuretatoki,jidayigakawaru.",
    ],
    [
      "co",
      "no",
      "si",
      "ro",
      "ga",
      "qu",
      "zu",
      "re",
      "ta",
      "to",
      "ki",
      ",",
      "ji",
      "da",
      "yi",
      "ga",
      "ka",
      "wa",
      "ru",
      ".",
    ],
  ],
  [
    [
      "conosirogaquzuretatoki,jidayigacawaru.",
    ],
    [
      "co",
      "no",
      "si",
      "ro",
      "ga",
      "qu",
      "zu",
      "re",
      "ta",
      "to",
      "ki",
      ",",
      "ji",
      "da",
      "yi",
      "ga",
      "ca",
      "wa",
      "ru",
      ".",
    ],
  ],
  [
    [
      "conosirogaquzuretatoki,zidaigakawaru.",
    ],
    [
      "co",
      "no",
      "si",
      "ro",
      "ga",
      "qu",
      "zu",
      "re",
      "ta",
      "to",
      "ki",
      ",",
      "zi",
      "da",
      "i",
      "ga",
      "ka",
      "wa",
      "ru",
      ".",
    ],
  ],
  [
    [
      "conosirogaquzuretatoki,zidaigacawaru.",
    ],
    [
      "co",
      "no",
      "si",
      "ro",
      "ga",
      "qu",
      "zu",
      "re",
      "ta",
      "to",
      "ki",
      ",",
      "zi",
      "da",
      "i",
      "ga",
      "ca",
      "wa",
      "ru",
      ".",
    ],
  ],
  [
    [
      "conosirogaquzuretatoki,zidayigakawaru.",
    ],
    [
      "co",
      "no",
      "si",
      "ro",
      "ga",
      "qu",
      "zu",
      "re",
      "ta",
      "to",
      "ki",
      ",",
      "zi",
      "da",
      "yi",
      "ga",
      "ka",
      "wa",
      "ru",
      ".",
    ],
  ],
  [
    [
      "conosirogaquzuretatoki,zidayigacawaru.",
    ],
    [
      "co",
      "no",
      "si",
      "ro",
      "ga",
      "qu",
      "zu",
      "re",
      "ta",
      "to",
      "ki",
      ",",
      "zi",
      "da",
      "yi",
      "ga",
      "ca",
      "wa",
      "ru",
      ".",
    ],
  ],
  [
    [
      "conocirogakuzuretatoki,jidaigakawaru.",
    ],
    [
      "co",
      "no",
      "ci",
      "ro",
      "ga",
      "ku",
      "zu",
      "re",
      "ta",
      "to",
      "ki",
      ",",
      "ji",
      "da",
      "i",
      "ga",
      "ka",
      "wa",
      "ru",
      ".",
    ],
  ],
  [
    [
      "conocirogakuzuretatoki,jidaigacawaru.",
    ],
    [
      "co",
      "no",
      "ci",
      "ro",
      "ga",
      "ku",
      "zu",
      "re",
      "ta",
      "to",
      "ki",
      ",",
      "ji",
      "da",
      "i",
      "ga",
      "ca",
      "wa",
      "ru",
      ".",
    ],
  ],
  [
    [
      "conocirogakuzuretatoki,jidayigakawaru.",
    ],
    [
      "co",
      "no",
      "ci",
      "ro",
      "ga",
      "ku",
      "zu",
      "re",
      "ta",
      "to",
      "ki",
      ",",
      "ji",
      "da",
      "yi",
      "ga",
      "ka",
      "wa",
      "ru",
      ".",
    ],
  ],
  [
    [
      "conocirogakuzuretatoki,jidayigacawaru.",
    ],
    [
      "co",
      "no",
      "ci",
      "ro",
      "ga",
      "ku",
      "zu",
      "re",
      "ta",
      "to",
      "ki",
      ",",
      "ji",
      "da",
      "yi",
      "ga",
      "ca",
      "wa",
      "ru",
      ".",
    ],
  ],
  [
    [
      "conocirogakuzuretatoki,zidaigakawaru.",
    ],
    [
      "co",
      "no",
      "ci",
      "ro",
      "ga",
      "ku",
      "zu",
      "re",
      "ta",
      "to",
      "ki",
      ",",
      "zi",
      "da",
      "i",
      "ga",
      "ka",
      "wa",
      "ru",
      ".",
    ],
  ],
  [
    [
      "conocirogakuzuretatoki,zidaigacawaru.",
    ],
    [
      "co",
      "no",
      "ci",
      "ro",
      "ga",
      "ku",
      "zu",
      "re",
      "ta",
      "to",
      "ki",
      ",",
      "zi",
      "da",
      "i",
      "ga",
      "ca",
      "wa",
      "ru",
      ".",
    ],
  ],
  [
    [
      "conocirogakuzuretatoki,zidayigakawaru.",
    ],
    [
      "co",
      "no",
      "ci",
      "ro",
      "ga",
      "ku",
      "zu",
      "re",
      "ta",
      "to",
      "ki",
      ",",
      "zi",
      "da",
      "yi",
      "ga",
      "ka",
      "wa",
      "ru",
      ".",
    ],
  ],
  [
    [
      "conocirogakuzuretatoki,zidayigacawaru.",
    ],
    [
      "co",
      "no",
      "ci",
      "ro",
      "ga",
      "ku",
      "zu",
      "re",
      "ta",
      "to",
      "ki",
      ",",
      "zi",
      "da",
      "yi",
      "ga",
      "ca",
      "wa",
      "ru",
      ".",
    ],
  ],
  [
    [
      "conocirogacuzuretatoki,jidaigakawaru.",
    ],
    [
      "co",
      "no",
      "ci",
      "ro",
      "ga",
      "cu",
      "zu",
      "re",
      "ta",
      "to",
      "ki",
      ",",
      "ji",
      "da",
      "i",
      "ga",
      "ka",
      "wa",
      "ru",
      ".",
    ],
  ],
  [
    [
      "conocirogacuzuretatoki,jidaigacawaru.",
    ],
    [
      "co",
      "no",
      "ci",
      "ro",
      "ga",
      "cu",
      "zu",
      "re",
      "ta",
      "to",
      "ki",
      ",",
      "ji",
      "da",
      "i",
      "ga",
      "ca",
      "wa",
      "ru",
      ".",
    ],
  ],
  [
    [
      "conocirogacuzuretatoki,jidayigakawaru.",
    ],
    [
      "co",
      "no",
      "ci",
      "ro",
      "ga",
      "cu",
      "zu",
      "re",
      "ta",
      "to",
      "ki",
      ",",
      "ji",
      "da",
      "yi",
      "ga",
      "ka",
      "wa",
      "ru",
      ".",
    ],
  ],
  [
    [
      "conocirogacuzuretatoki,jidayigacawaru.",
    ],
    [
      "co",
      "no",
      "ci",
      "ro",
      "ga",
      "cu",
      "zu",
      "re",
      "ta",
      "to",
      "ki",
      ",",
      "ji",
      "da",
      "yi",
      "ga",
      "ca",
      "wa",
      "ru",
      ".",
    ],
  ],
  [
    [
      "conocirogacuzuretatoki,zidaigakawaru.",
    ],
    [
      "co",
      "no",
      "ci",
      "ro",
      "ga",
      "cu",
      "zu",
      "re",
      "ta",
      "to",
      "ki",
      ",",
      "zi",
      "da",
      "i",
      "ga",
      "ka",
      "wa",
      "ru",
      ".",
    ],
  ],
  [
    [
      "conocirogacuzuretatoki,zidaigacawaru.",
    ],
    [
      "co",
      "no",
      "ci",
      "ro",
      "ga",
      "cu",
      "zu",
      "re",
      "ta",
      "to",
      "ki",
      ",",
      "zi",
      "da",
      "i",
      "ga",
      "ca",
      "wa",
      "ru",
      ".",
    ],
  ],
  [
    [
      "conocirogacuzuretatoki,zidayigakawaru.",
    ],
    [
      "co",
      "no",
      "ci",
      "ro",
      "ga",
      "cu",
      "zu",
      "re",
      "ta",
      "to",
      "ki",
      ",",
      "zi",
      "da",
      "yi",
      "ga",
      "ka",
      "wa",
      "ru",
      ".",
    ],
  ],
  [
    [
      "conocirogacuzuretatoki,zidayigacawaru.",
    ],
    [
      "co",
      "no",
      "ci",
      "ro",
      "ga",
      "cu",
      "zu",
      "re",
      "ta",
      "to",
      "ki",
      ",",
      "zi",
      "da",
      "yi",
      "ga",
      "ca",
      "wa",
      "ru",
      ".",
    ],
  ],
  [
    [
      "conocirogaquzuretatoki,jidaigakawaru.",
    ],
    [
      "co",
      "no",
      "ci",
      "ro",
      "ga",
      "qu",
      "zu",
      "re",
      "ta",
      "to",
      "ki",
      ",",
      "ji",
      "da",
      "i",
      "ga",
      "ka",
      "wa",
      "ru",
      ".",
    ],
  ],
  [
    [
      "conocirogaquzuretatoki,jidaigacawaru.",
    ],
    [
      "co",
      "no",
      "ci",
      "ro",
      "ga",
      "qu",
      "zu",
      "re",
      "ta",
      "to",
      "ki",
      ",",
      "ji",
      "da",
      "i",
      "ga",
      "ca",
      "wa",
      "ru",
      ".",
    ],
  ],
  [
    [
      "conocirogaquzuretatoki,jidayigakawaru.",
    ],
    [
      "co",
      "no",
      "ci",
      "ro",
      "ga",
      "qu",
      "zu",
      "re",
      "ta",
      "to",
      "ki",
      ",",
      "ji",
      "da",
      "yi",
      "ga",
      "ka",
      "wa",
      "ru",
      ".",
    ],
  ],
  [
    [
      "conocirogaquzuretatoki,jidayigacawaru.",
    ],
    [
      "co",
      "no",
      "ci",
      "ro",
      "ga",
      "qu",
      "zu",
      "re",
      "ta",
      "to",
      "ki",
      ",",
      "ji",
      "da",
      "yi",
      "ga",
      "ca",
      "wa",
      "ru",
      ".",
    ],
  ],
  [
    [
      "conocirogaquzuretatoki,zidaigakawaru.",
    ],
    [
      "co",
      "no",
      "ci",
      "ro",
      "ga",
      "qu",
      "zu",
      "re",
      "ta",
      "to",
      "ki",
      ",",
      "zi",
      "da",
      "i",
      "ga",
      "ka",
      "wa",
      "ru",
      ".",
    ],
  ],
  [
    [
      "conocirogaquzuretatoki,zidaigacawaru.",
    ],
    [
      "co",
      "no",
      "ci",
      "ro",
      "ga",
      "qu",
      "zu",
      "re",
      "ta",
      "to",
      "ki",
      ",",
      "zi",
      "da",
      "i",
      "ga",
      "ca",
      "wa",
      "ru",
      ".",
    ],
  ],
  [
    [
      "conocirogaquzuretatoki,zidayigakawaru.",
    ],
    [
      "co",
      "no",
      "ci",
      "ro",
      "ga",
      "qu",
      "zu",
      "re",
      "ta",
      "to",
      "ki",
      ",",
      "zi",
      "da",
      "yi",
      "ga",
      "ka",
      "wa",
      "ru",
      ".",
    ],
  ],
  [
    [
      "conocirogaquzuretatoki,zidayigacawaru.",
    ],
    [
      "co",
      "no",
      "ci",
      "ro",
      "ga",
      "qu",
      "zu",
      "re",
      "ta",
      "to",
      "ki",
      ",",
      "zi",
      "da",
      "yi",
      "ga",
      "ca",
      "wa",
      "ru",
      ".",
    ],
  ],
]
`;

exports[`Romanizer 「、」「。」が含まれる文章のローマ字変換 入力「こんにちは、こん。にちは」の変換結果をスナップショットとして確認する 1`] = `
[
  [
    [
      "konnnichiha,kon.ni",
    ],
    [
      "ko",
      "nn",
      "ni",
      "chi",
      "ha",
      ",",
      "ko",
      "n",
      ".",
      "ni",
    ],
  ],
  [
    [
      "konnnichiha,konn.ni",
    ],
    [
      "ko",
      "nn",
      "ni",
      "chi",
      "ha",
      ",",
      "ko",
      "nn",
      ".",
      "ni",
    ],
  ],
  [
    [
      "konnnichiha,con.ni",
    ],
    [
      "ko",
      "nn",
      "ni",
      "chi",
      "ha",
      ",",
      "co",
      "n",
      ".",
      "ni",
    ],
  ],
  [
    [
      "konnnichiha,conn.ni",
    ],
    [
      "ko",
      "nn",
      "ni",
      "chi",
      "ha",
      ",",
      "co",
      "nn",
      ".",
      "ni",
    ],
  ],
  [
    [
      "konnnitiha,kon.ni",
    ],
    [
      "ko",
      "nn",
      "ni",
      "ti",
      "ha",
      ",",
      "ko",
      "n",
      ".",
      "ni",
    ],
  ],
  [
    [
      "konnnitiha,konn.ni",
    ],
    [
      "ko",
      "nn",
      "ni",
      "ti",
      "ha",
      ",",
      "ko",
      "nn",
      ".",
      "ni",
    ],
  ],
  [
    [
      "konnnitiha,con.ni",
    ],
    [
      "ko",
      "nn",
      "ni",
      "ti",
      "ha",
      ",",
      "co",
      "n",
      ".",
      "ni",
    ],
  ],
  [
    [
      "konnnitiha,conn.ni",
    ],
    [
      "ko",
      "nn",
      "ni",
      "ti",
      "ha",
      ",",
      "co",
      "nn",
      ".",
      "ni",
    ],
  ],
  [
    [
      "connnichiha,kon.ni",
    ],
    [
      "co",
      "nn",
      "ni",
      "chi",
      "ha",
      ",",
      "ko",
      "n",
      ".",
      "ni",
    ],
  ],
  [
    [
      "connnichiha,konn.ni",
    ],
    [
      "co",
      "nn",
      "ni",
      "chi",
      "ha",
      ",",
      "ko",
      "nn",
      ".",
      "ni",
    ],
  ],
  [
    [
      "connnichiha,con.ni",
    ],
    [
      "co",
      "nn",
      "ni",
      "chi",
      "ha",
      ",",
      "co",
      "n",
      ".",
      "ni",
    ],
  ],
  [
    [
      "connnichiha,conn.ni",
    ],
    [
      "co",
      "nn",
      "ni",
      "chi",
      "ha",
      ",",
      "co",
      "nn",
      ".",
      "ni",
    ],
  ],
  [
    [
      "connnitiha,kon.ni",
    ],
    [
      "co",
      "nn",
      "ni",
      "ti",
      "ha",
      ",",
      "ko",
      "n",
      ".",
      "ni",
    ],
  ],
  [
    [
      "connnitiha,konn.ni",
    ],
    [
      "co",
      "nn",
      "ni",
      "ti",
      "ha",
      ",",
      "ko",
      "nn",
      ".",
      "ni",
    ],
  ],
  [
    [
      "connnitiha,con.ni",
    ],
    [
      "co",
      "nn",
      "ni",
      "ti",
      "ha",
      ",",
      "co",
      "n",
      ".",
      "ni",
    ],
  ],
  [
    [
      "connnitiha,conn.ni",
    ],
    [
      "co",
      "nn",
      "ni",
      "ti",
      "ha",
      ",",
      "co",
      "nn",
      ".",
      "ni",
    ],
  ],
]
`;
